#-----------------------------------------------------------
# Vivado v2016.3 (64-bit)
# SW Build 1682563 on Mon Oct 10 19:07:27 MDT 2016
# IP Build 1681267 on Mon Oct 10 21:28:31 MDT 2016
# Start of session at: Sat Dec 10 03:55:29 2016
# Process ID: 23384
# Current directory: D:/Users/James/Box Sync/School/CMPEN 331/frazier_lab7
# Command line: vivado.exe -gui_launcher_event rodinguilauncherevent23880 D:\Users\James\Box Sync\School\CMPEN 331\frazier_lab7\frazier_lab.xpr
# Log file: D:/Users/James/Box Sync/School/CMPEN 331/frazier_lab7/vivado.log
# Journal file: D:/Users/James/Box Sync/School/CMPEN 331/frazier_lab7\vivado.jou
#-----------------------------------------------------------
start_gui
open_project {D:/Users/James/Box Sync/School/CMPEN 331/frazier_lab7/frazier_lab.xpr}
reset_run synth_1
launch_runs synth_1
wait_on_run synth_1
launch_simulation
open_wave_config D:/Users/James/Box
open_wave_config Sync/School/CMPEN
open_wave_config 331/frazier_lab7/Lab6Waveform.wcfg
source CPU_tb.tcl
open_wave_config {D:/Users/James/Box Sync/School/CMPEN 331/frazier_lab/Lab6Waveform.wcfg}
restart
run 30 ns
close_sim
